[
  {
    "n": 70,
    "matching": [
      6,
      9,
      33,
      32,
      45,
      40,
      0,
      46,
      29,
      1,
      26,
      58,
      23,
      25,
      63,
      38,
      27,
      31,
      64,
      69,
      65,
      54,
      24,
      12,
      22,
      13,
      10,
      16,
      50,
      8,
      62,
      17,
      3,
      2,
      51,
      55,
      59,
      48,
      15,
      49,
      5,
      56,
      60,
      47,
      67,
      4,
      7,
      43,
      37,
      39,
      28,
      34,
      68,
      57,
      21,
      35,
      41,
      53,
      11,
      36,
      42,
      66,
      30,
      14,
      18,
      20,
      61,
      44,
      52,
      19
    ]
  },
  {
    "n": 51,
    "matching": [
      28,
      41,
      36,
      -1,
      25,
      24,
      50,
      47,
      11,
      22,
      45,
      8,
      46,
      16,
      38,
      43,
      13,
      31,
      21,
      39,
      27,
      18,
      9,
      42,
      5,
      4,
      -1,
      20,
      0,
      49,
      32,
      17,
      30,
      34,
      33,
      37,
      2,
      35,
      14,
      19,
      48,
      1,
      23,
      15,
      -1,
      10,
      12,
      7,
      40,
      29,
      6
    ]
  },
  {
    "n": 103,
    "matching": [
      91,
      43,
      98,
      82,
      83,
      22,
      50,
      32,
      67,
      88,
      60,
      100,
      33,
      42,
      65,
      -1,
      49,
      21,
      69,
      57,
      45,
      17,
      5,
      31,
      74,
      39,
      61,
      66,
      58,
      62,
      63,
      23,
      7,
      12,
      68,
      92,
      47,
      76,
      48,
      25,
      51,
      87,
      13,
      1,
      80,
      20,
      95,
      36,
      38,
      16,
      6,
      40,
      94,
      75,
      97,
      101,
      86,
      19,
      28,
      73,
      10,
      26,
      29,
      30,
      90,
      14,
      27,
      8,
      34,
      18,
      78,
      93,
      79,
      59,
      24,
      53,
      37,
      96,
      70,
      72,
      44,
      102,
      3,
      4,
      85,
      84,
      56,
      41,
      9,
      99,
      64,
      0,
      35,
      71,
      52,
      46,
      77,
      54,
      2,
      89,
      11,
      55,
      81
    ]
  },
  {
    "n": 75,
    "matching": [
      69,
      52,
      27,
      29,
      14,
      10,
      68,
      57,
      64,
      33,
      5,
      41,
      38,
      34,
      4,
      20,
      70,
      61,
      23,
      54,
      15,
      26,
      63,
      18,
      35,
      43,
      21,
      2,
      32,
      3,
      55,
      36,
      28,
      9,
      13,
      24,
      31,
      58,
      12,
      62,
      49,
      11,
      46,
      25,
      67,
      -1,
      42,
      65,
      60,
      40,
      73,
      56,
      1,
      74,
      19,
      30,
      51,
      7,
      37,
      72,
      48,
      17,
      39,
      22,
      8,
      47,
      71,
      44,
      6,
      0,
      16,
      66,
      59,
      50,
      53
    ]
  },
  {
    "n": 27,
    "matching": [
      26,
      25,
      4,
      6,
      2,
      16,
      3,
      9,
      -1,
      7,
      22,
      14,
      -1,
      -1,
      11,
      24,
      5,
      -1,
      23,
      21,
      -1,
      19,
      10,
      18,
      15,
      1,
      0
    ]
  },
  {
    "n": 195,
    "matching": [
      24,
      119,
      -1,
      102,
      6,
      121,
      4,
      109,
      47,
      40,
      -1,
      51,
      125,
      71,
      182,
      103,
      37,
      151,
      22,
      152,
      101,
      38,
      18,
      136,
      0,
      62,
      107,
      69,
      65,
      179,
      156,
      115,
      163,
      161,
      48,
      187,
      -1,
      16,
      21,
      169,
      9,
      186,
      153,
      83,
      189,
      173,
      135,
      8,
      34,
      148,
      167,
      11,
      80,
      137,
      141,
      113,
      133,
      144,
      150,
      73,
      145,
      147,
      25,
      131,
      126,
      28,
      138,
      110,
      194,
      27,
      192,
      13,
      94,
      59,
      79,
      108,
      104,
      142,
      111,
      74,
      52,
      160,
      175,
      43,
      123,
      165,
      184,
      177,
      114,
      174,
      140,
      193,
      183,
      158,
      72,
      143,
      157,
      112,
      100,
      180,
      98,
      20,
      3,
      15,
      76,
      171,
      127,
      26,
      75,
      7,
      67,
      78,
      97,
      55,
      88,
      31,
      124,
      139,
      191,
      1,
      122,
      5,
      120,
      84,
      116,
      12,
      64,
      106,
      155,
      149,
      154,
      63,
      146,
      56,
      170,
      46,
      23,
      53,
      66,
      117,
      90,
      54,
      77,
      95,
      57,
      60,
      132,
      61,
      49,
      129,
      58,
      17,
      19,
      42,
      130,
      128,
      30,
      96,
      93,
      168,
      81,
      33,
      -1,
      32,
      176,
      85,
      185,
      50,
      159,
      39,
      134,
      105,
      190,
      45,
      89,
      82,
      164,
      87,
      181,
      29,
      99,
      178,
      14,
      92,
      86,
      166,
      41,
      35,
      -1,
      44,
      172,
      118,
      70,
      91,
      68
    ]
  },
  {
    "n": 50,
    "matching": [
      22,
      42,
      9,
      46,
      37,
      47,
      39,
      43,
      21,
      2,
      36,
      18,
      48,
      17,
      28,
      29,
      38,
      13,
      11,
      49,
      27,
      8,
      0,
      44,
      33,
      31,
      30,
      20,
      14,
      15,
      26,
      25,
      34,
      24,
      32,
      40,
      10,
      4,
      16,
      6,
      35,
      45,
      1,
      7,
      23,
      41,
      3,
      5,
      12,
      19
    ]
  },
  {
    "n": 157,
    "matching": [
      35,
      110,
      -1,
      58,
      104,
      44,
      93,
      40,
      148,
      145,
      111,
      63,
      143,
      32,
      27,
      139,
      149,
      91,
      152,
      76,
      -1,
      130,
      98,
      73,
      126,
      90,
      155,
      14,
      57,
      102,
      124,
      82,
      13,
      79,
      81,
      0,
      121,
      99,
      146,
      128,
      7,
      153,
      95,
      125,
      5,
      48,
      115,
      67,
      45,
      156,
      103,
      118,
      116,
      88,
      83,
      113,
      150,
      28,
      3,
      65,
      117,
      129,
      71,
      11,
      138,
      59,
      144,
      47,
      123,
      101,
      141,
      62,
      151,
      23,
      137,
      97,
      19,
      154,
      94,
      33,
      140,
      34,
      31,
      54,
      142,
      108,
      100,
      112,
      53,
      136,
      25,
      17,
      119,
      6,
      78,
      42,
      147,
      75,
      22,
      37,
      86,
      69,
      29,
      50,
      4,
      106,
      105,
      -1,
      85,
      127,
      1,
      10,
      87,
      55,
      135,
      46,
      52,
      60,
      51,
      92,
      133,
      36,
      132,
      68,
      30,
      43,
      24,
      109,
      39,
      61,
      21,
      -1,
      122,
      120,
      -1,
      114,
      89,
      74,
      64,
      15,
      80,
      70,
      84,
      12,
      66,
      9,
      38,
      96,
      8,
      16,
      56,
      72,
      18,
      41,
      77,
      26,
      49
    ]
  },
  {
    "n": 115,
    "matching": [
      14,
      26,
      5,
      73,
      79,
      2,
      19,
      72,
      28,
      12,
      34,
      90,
      9,
      27,
      0,
      99,
      -1,
      107,
      46,
      6,
      55,
      87,
      53,
      71,
      -1,
      -1,
      1,
      13,
      8,
      82,
      106,
      36,
      40,
      35,
      10,
      33,
      31,
      69,
      57,
      114,
      32,
      60,
      97,
      78,
      81,
      49,
      18,
      103,
      51,
      45,
      67,
      48,
      56,
      22,
      98,
      20,
      52,
      38,
      101,
      64,
      41,
      96,
      74,
      89,
      59,
      75,
      104,
      50,
      93,
      37,
      100,
      23,
      7,
      3,
      62,
      65,
      80,
      112,
      43,
      4,
      76,
      44,
      29,
      109,
      111,
      92,
      91,
      21,
      95,
      63,
      11,
      86,
      85,
      68,
      -1,
      88,
      61,
      42,
      54,
      15,
      70,
      58,
      -1,
      47,
      66,
      110,
      30,
      17,
      113,
      83,
      105,
      84,
      77,
      108,
      39
    ]
  },
  {
    "n": 69,
    "matching": [
      61,
      45,
      6,
      50,
      62,
      64,
      2,
      12,
      54,
      56,
      65,
      67,
      7,
      19,
      66,
      41,
      48,
      44,
      31,
      13,
      53,
      36,
      32,
      49,
      38,
      40,
      39,
      35,
      47,
      63,
      43,
      18,
      22,
      58,
      51,
      27,
      21,
      59,
      24,
      26,
      25,
      15,
      55,
      30,
      17,
      1,
      57,
      28,
      16,
      23,
      3,
      34,
      60,
      20,
      8,
      42,
      9,
      46,
      33,
      37,
      52,
      0,
      4,
      29,
      5,
      10,
      14,
      11,
      -1
    ]
  },
  {
    "n": 80,
    "matching": [
      61,
      2,
      1,
      76,
      58,
      35,
      64,
      27,
      24,
      53,
      67,
      21,
      41,
      18,
      65,
      52,
      39,
      66,
      13,
      57,
      31,
      11,
      56,
      37,
      8,
      42,
      33,
      7,
      48,
      73,
      63,
      20,
      36,
      26,
      47,
      5,
      32,
      23,
      79,
      16,
      78,
      12,
      25,
      75,
      49,
      77,
      68,
      34,
      28,
      44,
      69,
      72,
      15,
      9,
      71,
      74,
      22,
      19,
      4,
      70,
      62,
      0,
      60,
      30,
      6,
      14,
      17,
      10,
      46,
      50,
      59,
      54,
      51,
      29,
      55,
      43,
      3,
      45,
      40,
      38
    ]
  },
  {
    "n": 103,
    "matching": [
      66,
      20,
      21,
      31,
      83,
      65,
      13,
      10,
      78,
      89,
      7,
      35,
      46,
      6,
      81,
      63,
      70,
      102,
      55,
      53,
      1,
      2,
      97,
      40,
      87,
      62,
      79,
      29,
      68,
      27,
      38,
      3,
      93,
      71,
      91,
      11,
      94,
      69,
      30,
      88,
      23,
      42,
      41,
      50,
      100,
      48,
      12,
      101,
      45,
      57,
      43,
      73,
      61,
      19,
      74,
      18,
      85,
      49,
      72,
      82,
      98,
      52,
      25,
      15,
      67,
      5,
      0,
      64,
      28,
      37,
      16,
      33,
      58,
      51,
      54,
      80,
      84,
      92,
      8,
      26,
      75,
      14,
      59,
      4,
      76,
      56,
      96,
      24,
      39,
      9,
      -1,
      34,
      77,
      32,
      36,
      99,
      86,
      22,
      60,
      95,
      44,
      47,
      17
    ]
  },
  {
    "n": 107,
    "matching": [
      32,
      29,
      68,
      48,
      15,
      47,
      61,
      56,
      10,
      44,
      8,
      19,
      86,
      60,
      45,
      4,
      75,
      41,
      87,
      11,
      79,
      43,
      53,
      46,
      74,
      72,
      73,
      -1,
      101,
      1,
      71,
      76,
      0,
      92,
      78,
      82,
      63,
      38,
      37,
      58,
      93,
      17,
      85,
      21,
      9,
      14,
      23,
      5,
      3,
      104,
      88,
      91,
      70,
      22,
      97,
      99,
      7,
      106,
      39,
      90,
      13,
      6,
      80,
      36,
      94,
      105,
      83,
      100,
      2,
      77,
      52,
      30,
      25,
      26,
      24,
      16,
      31,
      69,
      34,
      20,
      62,
      84,
      35,
      66,
      81,
      42,
      12,
      18,
      50,
      103,
      59,
      51,
      33,
      40,
      64,
      98,
      102,
      54,
      95,
      55,
      67,
      28,
      96,
      89,
      49,
      65,
      57
    ]
  },
  {
    "n": 22,
    "matching": [
      17,
      10,
      15,
      16,
      13,
      20,
      21,
      11,
      18,
      19,
      1,
      7,
      14,
      4,
      12,
      2,
      3,
      0,
      8,
      9,
      5,
      6
    ]
  },
  {
    "n": 129,
    "matching": [
      13,
      30,
      81,
      62,
      9,
      96,
      -1,
      126,
      93,
      4,
      56,
      90,
      -1,
      0,
      -1,
      31,
      65,
      -1,
      23,
      66,
      122,
      53,
      104,
      18,
      89,
      128,
      112,
      117,
      40,
      125,
      1,
      15,
      110,
      41,
      116,
      46,
      82,
      67,
      -1,
      64,
      28,
      33,
      107,
      85,
      -1,
      101,
      35,
      92,
      108,
      127,
      72,
      54,
      94,
      21,
      51,
      71,
      10,
      97,
      115,
      76,
      74,
      100,
      3,
      120,
      39,
      16,
      19,
      37,
      103,
      124,
      73,
      55,
      50,
      70,
      60,
      105,
      59,
      106,
      102,
      98,
      118,
      2,
      36,
      87,
      113,
      43,
      119,
      83,
      109,
      24,
      11,
      111,
      47,
      8,
      52,
      -1,
      5,
      57,
      79,
      121,
      61,
      45,
      78,
      68,
      22,
      75,
      77,
      42,
      48,
      88,
      32,
      91,
      26,
      84,
      123,
      58,
      34,
      27,
      80,
      86,
      63,
      99,
      20,
      114,
      69,
      29,
      7,
      49,
      25
    ]
  },
  {
    "n": 95,
    "matching": [
      58,
      65,
      38,
      63,
      -1,
      -1,
      59,
      32,
      64,
      66,
      82,
      71,
      39,
      77,
      42,
      88,
      30,
      25,
      -1,
      76,
      55,
      70,
      29,
      69,
      48,
      17,
      45,
      85,
      40,
      22,
      16,
      93,
      7,
      90,
      60,
      37,
      67,
      35,
      2,
      12,
      28,
      92,
      14,
      -1,
      87,
      26,
      57,
      79,
      24,
      73,
      81,
      89,
      53,
      52,
      83,
      20,
      -1,
      46,
      0,
      6,
      34,
      84,
      94,
      3,
      8,
      1,
      9,
      36,
      -1,
      23,
      21,
      11,
      -1,
      49,
      91,
      78,
      19,
      13,
      75,
      47,
      -1,
      50,
      10,
      54,
      61,
      27,
      -1,
      44,
      15,
      51,
      33,
      74,
      41,
      31,
      62
    ]
  },
  {
    "n": 129,
    "matching": [
      13,
      -1,
      82,
      99,
      -1,
      70,
      30,
      -1,
      125,
      103,
      58,
      79,
      128,
      0,
      113,
      91,
      105,
      -1,
      -1,
      59,
      -1,
      102,
      68,
      85,
      119,
      98,
      38,
      52,
      127,
      44,
      6,
      -1,
      112,
      67,
      42,
      -1,
      90,
      48,
      26,
      73,
      61,
      104,
      34,
      86,
      29,
      71,
      56,
      126,
      37,
      77,
      121,
      57,
      27,
      -1,
      -1,
      111,
      46,
      51,
      10,
      19,
      95,
      40,
      94,
      -1,
      -1,
      123,
      -1,
      33,
      22,
      116,
      5,
      45,
      -1,
      39,
      -1,
      76,
      75,
      49,
      92,
      11,
      110,
      124,
      2,
      107,
      -1,
      23,
      43,
      -1,
      97,
      120,
      36,
      15,
      78,
      -1,
      62,
      60,
      -1,
      88,
      25,
      3,
      -1,
      106,
      21,
      9,
      41,
      16,
      101,
      83,
      115,
      -1,
      80,
      55,
      32,
      14,
      -1,
      108,
      69,
      -1,
      -1,
      24,
      89,
      50,
      -1,
      65,
      81,
      8,
      47,
      28,
      12
    ]
  },
  {
    "n": 92,
    "matching": [
      61,
      9,
      90,
      38,
      28,
      68,
      54,
      91,
      67,
      1,
      27,
      50,
      30,
      89,
      34,
      64,
      53,
      59,
      49,
      37,
      82,
      47,
      -1,
      78,
      42,
      43,
      55,
      10,
      4,
      75,
      12,
      66,
      40,
      79,
      14,
      46,
      58,
      19,
      3,
      48,
      32,
      45,
      24,
      25,
      -1,
      41,
      35,
      21,
      39,
      18,
      11,
      87,
      60,
      16,
      6,
      26,
      57,
      56,
      36,
      17,
      52,
      0,
      72,
      76,
      15,
      69,
      31,
      8,
      5,
      65,
      84,
      83,
      62,
      81,
      86,
      29,
      63,
      80,
      23,
      33,
      77,
      73,
      20,
      71,
      70,
      88,
      74,
      51,
      85,
      13,
      2,
      7
    ]
  },
  {
    "n": 85,
    "matching": [
      29,
      -1,
      23,
      -1,
      66,
      69,
      30,
      75,
      83,
      16,
      57,
      12,
      11,
      56,
      35,
      62,
      9,
      43,
      76,
      38,
      39,
      55,
      44,
      2,
      77,
      65,
      46,
      59,
      -1,
      0,
      6,
      78,
      51,
      47,
      -1,
      14,
      40,
      52,
      19,
      20,
      36,
      -1,
      68,
      17,
      22,
      63,
      26,
      33,
      81,
      -1,
      -1,
      32,
      37,
      80,
      70,
      21,
      13,
      10,
      -1,
      27,
      82,
      79,
      15,
      45,
      71,
      25,
      4,
      -1,
      42,
      5,
      54,
      64,
      73,
      72,
      84,
      7,
      18,
      24,
      31,
      61,
      53,
      48,
      60,
      8,
      74
    ]
  },
  {
    "n": 185,
    "matching": [
      118,
      40,
      65,
      68,
      21,
      111,
      161,
      179,
      92,
      55,
      152,
      63,
      162,
      160,
      46,
      159,
      94,
      79,
      56,
      155,
      139,
      4,
      167,
      76,
      83,
      170,
      174,
      97,
      176,
      147,
      166,
      151,
      54,
      61,
      93,
      165,
      -1,
      138,
      64,
      91,
      1,
      124,
      122,
      -1,
      117,
      171,
      14,
      59,
      69,
      85,
      140,
      80,
      149,
      90,
      32,
      9,
      18,
      157,
      182,
      47,
      75,
      33,
      150,
      11,
      38,
      2,
      133,
      129,
      3,
      48,
      71,
      70,
      119,
      183,
      100,
      60,
      23,
      116,
      86,
      17,
      51,
      106,
      144,
      24,
      178,
      49,
      78,
      168,
      121,
      113,
      53,
      39,
      8,
      34,
      16,
      158,
      103,
      27,
      156,
      146,
      74,
      184,
      136,
      96,
      137,
      127,
      81,
      112,
      148,
      180,
      164,
      5,
      107,
      89,
      132,
      141,
      77,
      44,
      0,
      72,
      181,
      88,
      42,
      130,
      41,
      172,
      145,
      105,
      154,
      67,
      123,
      177,
      114,
      66,
      135,
      134,
      102,
      104,
      37,
      20,
      50,
      115,
      -1,
      -1,
      82,
      126,
      99,
      29,
      108,
      52,
      62,
      31,
      10,
      163,
      128,
      19,
      98,
      57,
      95,
      15,
      13,
      6,
      12,
      153,
      110,
      35,
      30,
      22,
      87,
      173,
      25,
      45,
      125,
      169,
      26,
      -1,
      28,
      131,
      84,
      7,
      109,
      120,
      58,
      73,
      101
    ]
  },
  {
    "n": 138,
    "matching": [
      113,
      107,
      65,
      58,
      34,
      127,
      52,
      37,
      69,
      26,
      75,
      40,
      109,
      96,
      86,
      62,
      108,
      121,
      137,
      25,
      119,
      28,
      -1,
      102,
      91,
      19,
      9,
      114,
      21,
      98,
      76,
      124,
      48,
      80,
      4,
      36,
      35,
      7,
      134,
      100,
      11,
      84,
      51,
      67,
      101,
      112,
      55,
      61,
      32,
      135,
      105,
      42,
      6,
      131,
      104,
      46,
      117,
      99,
      3,
      68,
      88,
      47,
      15,
      74,
      128,
      2,
      89,
      43,
      59,
      8,
      -1,
      133,
      129,
      95,
      63,
      10,
      30,
      106,
      94,
      136,
      33,
      116,
      -1,
      115,
      41,
      130,
      14,
      132,
      60,
      66,
      92,
      24,
      90,
      -1,
      78,
      73,
      13,
      110,
      29,
      57,
      39,
      44,
      23,
      118,
      54,
      50,
      77,
      1,
      16,
      12,
      97,
      -1,
      45,
      0,
      27,
      83,
      81,
      56,
      103,
      20,
      -1,
      17,
      126,
      125,
      31,
      123,
      122,
      5,
      64,
      72,
      85,
      53,
      87,
      71,
      38,
      49,
      79,
      18
    ]
  },
  {
    "n": 128,
    "matching": [
      91,
      48,
      96,
      -1,
      54,
      80,
      122,
      45,
      18,
      77,
      28,
      106,
      -1,
      67,
      103,
      89,
      108,
      51,
      8,
      35,
      47,
      72,
      92,
      115,
      83,
      93,
      37,
      113,
      10,
      40,
      -1,
      110,
      120,
      -1,
      46,
      19,
      102,
      26,
      58,
      124,
      29,
      44,
      -1,
      -1,
      41,
      7,
      34,
      20,
      1,
      55,
      60,
      17,
      104,
      100,
      4,
      49,
      105,
      62,
      38,
      87,
      50,
      66,
      57,
      -1,
      117,
      -1,
      61,
      13,
      -1,
      73,
      -1,
      88,
      21,
      69,
      79,
      -1,
      118,
      9,
      84,
      74,
      5,
      101,
      111,
      24,
      78,
      123,
      90,
      59,
      71,
      15,
      86,
      0,
      22,
      25,
      -1,
      -1,
      2,
      -1,
      119,
      114,
      53,
      81,
      36,
      14,
      52,
      56,
      11,
      126,
      16,
      112,
      31,
      82,
      109,
      27,
      99,
      23,
      121,
      64,
      76,
      98,
      32,
      116,
      6,
      85,
      39,
      -1,
      107,
      -1
    ]
  },
  {
    "n": 23,
    "matching": [
      12,
      18,
      22,
      15,
      7,
      19,
      16,
      4,
      20,
      17,
      -1,
      13,
      0,
      11,
      21,
      3,
      6,
      9,
      1,
      5,
      8,
      14,
      2
    ]
  },
  {
    "n": 76,
    "matching": [
      36,
      5,
      72,
      58,
      45,
      1,
      37,
      34,
      27,
      32,
      63,
      30,
      41,
      40,
      21,
      61,
      38,
      52,
      39,
      22,
      43,
      14,
      19,
      44,
      31,
      66,
      28,
      8,
      26,
      62,
      11,
      24,
      9,
      49,
      7,
      51,
      0,
      6,
      16,
      18,
      13,
      12,
      59,
      20,
      23,
      4,
      56,
      60,
      57,
      33,
      68,
      35,
      17,
      69,
      65,
      64,
      46,
      48,
      3,
      42,
      47,
      15,
      29,
      10,
      55,
      54,
      25,
      71,
      50,
      53,
      73,
      67,
      2,
      70,
      75,
      74
    ]
  },
  {
    "n": 76,
    "matching": [
      57,
      28,
      37,
      48,
      25,
      21,
      39,
      33,
      41,
      45,
      55,
      23,
      56,
      46,
      50,
      43,
      69,
      19,
      61,
      17,
      27,
      5,
      35,
      11,
      72,
      4,
      58,
      20,
      1,
      53,
      67,
      54,
      75,
      7,
      73,
      22,
      52,
      2,
      63,
      6,
      47,
      8,
      66,
      15,
      65,
      9,
      13,
      40,
      3,
      64,
      14,
      70,
      36,
      29,
      31,
      10,
      12,
      0,
      26,
      71,
      62,
      18,
      60,
      38,
      49,
      44,
      42,
      30,
      74,
      16,
      51,
      59,
      24,
      34,
      68,
      32
    ]
  },
  {
    "n": 32,
    "matching": [
      31,
      28,
      29,
      5,
      6,
      3,
      4,
      10,
      14,
      25,
      7,
      30,
      24,
      19,
      8,
      22,
      27,
      20,
      26,
      13,
      17,
      23,
      15,
      21,
      12,
      9,
      18,
      16,
      1,
      2,
      11,
      0
    ]
  },
  {
    "n": 183,
    "matching": [
      56,
      178,
      14,
      78,
      119,
      129,
      -1,
      15,
      163,
      46,
      -1,
      -1,
      123,
      51,
      2,
      7,
      -1,
      -1,
      -1,
      -1,
      97,
      85,
      175,
      -1,
      48,
      146,
      -1,
      -1,
      39,
      182,
      138,
      141,
      41,
      120,
      134,
      72,
      76,
      89,
      113,
      28,
      169,
      32,
      -1,
      110,
      117,
      155,
      9,
      108,
      24,
      77,
      -1,
      13,
      -1,
      159,
      98,
      157,
      0,
      -1,
      135,
      -1,
      90,
      75,
      102,
      -1,
      95,
      71,
      167,
      126,
      118,
      116,
      -1,
      65,
      35,
      -1,
      173,
      61,
      36,
      49,
      3,
      176,
      172,
      133,
      -1,
      94,
      160,
      21,
      107,
      -1,
      -1,
      37,
      60,
      99,
      -1,
      -1,
      83,
      64,
      -1,
      20,
      54,
      91,
      -1,
      142,
      62,
      144,
      125,
      -1,
      -1,
      86,
      47,
      -1,
      43,
      152,
      158,
      38,
      170,
      150,
      69,
      44,
      68,
      4,
      33,
      171,
      161,
      12,
      153,
      104,
      67,
      147,
      -1,
      5,
      -1,
      -1,
      -1,
      81,
      34,
      58,
      -1,
      179,
      30,
      181,
      -1,
      31,
      101,
      -1,
      103,
      174,
      25,
      127,
      166,
      165,
      115,
      -1,
      111,
      124,
      -1,
      45,
      -1,
      55,
      112,
      53,
      84,
      122,
      -1,
      8,
      -1,
      149,
      148,
      66,
      -1,
      40,
      114,
      121,
      80,
      74,
      145,
      22,
      79,
      -1,
      1,
      137,
      -1,
      139,
      29
    ]
  },
  {
    "n": 140,
    "matching": [
      64,
      96,
      28,
      70,
      127,
      59,
      25,
      136,
      73,
      66,
      16,
      60,
      14,
      132,
      12,
      39,
      10,
      62,
      77,
      82,
      130,
      85,
      108,
      36,
      137,
      6,
      91,
      79,
      2,
      109,
      87,
      107,
      114,
      134,
      40,
      111,
      23,
      95,
      69,
      15,
      34,
      90,
      135,
      86,
      101,
      139,
      131,
      67,
      53,
      65,
      72,
      74,
      88,
      48,
      138,
      93,
      113,
      106,
      83,
      5,
      11,
      104,
      17,
      75,
      0,
      49,
      9,
      47,
      123,
      38,
      3,
      126,
      50,
      8,
      51,
      63,
      119,
      18,
      116,
      27,
      100,
      99,
      19,
      58,
      103,
      21,
      43,
      30,
      52,
      124,
      41,
      26,
      128,
      55,
      112,
      37,
      1,
      105,
      118,
      81,
      80,
      44,
      133,
      84,
      61,
      97,
      57,
      31,
      22,
      29,
      115,
      35,
      94,
      56,
      32,
      110,
      78,
      122,
      98,
      76,
      129,
      125,
      117,
      68,
      89,
      121,
      71,
      4,
      92,
      120,
      20,
      46,
      13,
      102,
      33,
      42,
      7,
      24,
      54,
      45
    ]
  },
  {
    "n": 41,
    "matching": [
      -1,
      27,
      31,
      17,
      33,
      22,
      13,
      -1,
      -1,
      23,
      18,
      35,
      37,
      6,
      36,
      29,
      38,
      3,
      10,
      34,
      25,
      -1,
      5,
      9,
      39,
      20,
      28,
      1,
      26,
      15,
      -1,
      2,
      -1,
      4,
      19,
      11,
      14,
      12,
      16,
      24
    ]
  },
  {
    "n": 20,
    "matching": [
      13,
      9,
      4,
      15,
      2,
      11,
      7,
      6,
      16,
      1,
      12,
      5,
      10,
      0,
      18,
      3,
      8,
      19,
      14,
      17
    ]
  }
]
